/home/hju/monai_uf_tutorials/monaicore_multigpu/unet_ddp/test
c1004a-s11.ufhpc
Tue Apr 11 18:25:20 EDT 2023
Primary node: c1004a-s11
Primary TCP port: 3308
Secondary nodes: c1004a-s35
Running "/home/hju/monai_uf_tutorials/monaicore_multigpu/unet_ddp/unet_training_ddp.py" on each node...
INFO:    underlay of /usr/bin/nvidia-smi required more than 50 (479) bind mounts
INFO:    underlay of /usr/bin/nvidia-smi required more than 50 (479) bind mounts
/opt/conda/lib/python3.8/site-packages/torch/distributed/launch.py:180: FutureWarning: The module torch.distributed.launch is deprecated
and will be removed in future. Use torchrun.
Note that --use_env is set by default in torchrun.
If your script expects `--local_rank` argument to be set, please
change it to read from `os.environ['LOCAL_RANK']` instead. See 
https://pytorch.org/docs/stable/distributed.html#launch-utility for 
further instructions

  warnings.warn(
WARNING:torch.distributed.run:
*****************************************
Setting OMP_NUM_THREADS environment variable for each process to be 1 in default, to avoid your system being overloaded, please further tune the variable for optimal performance in your application as needed. 
*****************************************
/opt/conda/lib/python3.8/site-packages/torch/distributed/launch.py:180: FutureWarning: The module torch.distributed.launch is deprecated
and will be removed in future. Use torchrun.
Note that --use_env is set by default in torchrun.
If your script expects `--local_rank` argument to be set, please
change it to read from `os.environ['LOCAL_RANK']` instead. See 
https://pytorch.org/docs/stable/distributed.html#launch-utility for 
further instructions

  warnings.warn(
WARNING:torch.distributed.run:
*****************************************
Setting OMP_NUM_THREADS environment variable for each process to be 1 in default, to avoid your system being overloaded, please further tune the variable for optimal performance in your application as needed. 
*****************************************
2023-04-11 18:25:49,088 - Added key: store_based_barrier_key:1 to store for rank: 0
2023-04-11 18:25:49,098 - Added key: store_based_barrier_key:1 to store for rank: 1
2023-04-11 18:25:49,108 - Added key: store_based_barrier_key:1 to store for rank: 2
2023-04-11 18:25:49,118 - Added key: store_based_barrier_key:1 to store for rank: 3
2023-04-11 18:25:49,128 - Added key: store_based_barrier_key:1 to store for rank: 4
2023-04-11 18:25:49,138 - Added key: store_based_barrier_key:1 to store for rank: 5
2023-04-11 18:25:49,148 - Added key: store_based_barrier_key:1 to store for rank: 6
2023-04-11 18:25:49,159 - Added key: store_based_barrier_key:1 to store for rank: 7
2023-04-11 18:25:49,176 - Added key: store_based_barrier_key:1 to store for rank: 8
2023-04-11 18:25:49,197 - Added key: store_based_barrier_key:1 to store for rank: 9
2023-04-11 18:25:49,207 - Added key: store_based_barrier_key:1 to store for rank: 10
2023-04-11 18:25:49,217 - Added key: store_based_barrier_key:1 to store for rank: 11
2023-04-11 18:25:49,227 - Added key: store_based_barrier_key:1 to store for rank: 12
2023-04-11 18:25:49,233 - Added key: store_based_barrier_key:1 to store for rank: 13
2023-04-11 18:25:49,243 - Added key: store_based_barrier_key:1 to store for rank: 14
2023-04-11 18:25:49,243 - Rank 14: Completed store-based barrier for key:store_based_barrier_key:1 with 16 nodes.
2023-04-11 18:25:49,243 - Added key: store_based_barrier_key:1 to store for rank: 15
2023-04-11 18:25:49,244 - Rank 13: Completed store-based barrier for key:store_based_barrier_key:1 with 16 nodes.
2023-04-11 18:25:49,244 - Rank 15: Completed store-based barrier for key:store_based_barrier_key:1 with 16 nodes.
2023-04-11 18:25:49,247 - Rank 12: Completed store-based barrier for key:store_based_barrier_key:1 with 16 nodes.
2023-04-11 18:25:49,247 - Rank 11: Completed store-based barrier for key:store_based_barrier_key:1 with 16 nodes.
2023-04-11 18:25:49,248 - Rank 10: Completed store-based barrier for key:store_based_barrier_key:1 with 16 nodes.
2023-04-11 18:25:49,248 - Rank 9: Completed store-based barrier for key:store_based_barrier_key:1 with 16 nodes.
2023-04-11 18:25:49,248 - Rank 8: Completed store-based barrier for key:store_based_barrier_key:1 with 16 nodes.
2023-04-11 18:25:49,249 - Rank 0: Completed store-based barrier for key:store_based_barrier_key:1 with 16 nodes.
2023-04-11 18:25:49,249 - Rank 2: Completed store-based barrier for key:store_based_barrier_key:1 with 16 nodes.
2023-04-11 18:25:49,249 - Rank 3: Completed store-based barrier for key:store_based_barrier_key:1 with 16 nodes.
2023-04-11 18:25:49,249 - Rank 4: Completed store-based barrier for key:store_based_barrier_key:1 with 16 nodes.
2023-04-11 18:25:49,249 - Rank 1: Completed store-based barrier for key:store_based_barrier_key:1 with 16 nodes.
2023-04-11 18:25:49,249 - Rank 6: Completed store-based barrier for key:store_based_barrier_key:1 with 16 nodes.
2023-04-11 18:25:49,250 - Rank 5: Completed store-based barrier for key:store_based_barrier_key:1 with 16 nodes.
2023-04-11 18:25:49,250 - Rank 7: Completed store-based barrier for key:store_based_barrier_key:1 with 16 nodes.
NCCL version 2.15.1+cuda11.8
<class 'monai.transforms.utility.array.AsChannelFirst'>: Class `AsChannelFirst` has been deprecated since version 0.8. please use MetaTensor data type and monai.transforms.EnsureChannelFirst instead.
<class 'monai.transforms.utility.array.AsChannelFirst'>: Class `AsChannelFirst` has been deprecated since version 0.8. please use MetaTensor data type and monai.transforms.EnsureChannelFirst instead.
<class 'monai.transforms.utility.array.AsChannelFirst'>: Class `AsChannelFirst` has been deprecated since version 0.8. please use MetaTensor data type and monai.transforms.EnsureChannelFirst instead.
<class 'monai.transforms.utility.array.AsChannelFirst'>: Class `AsChannelFirst` has been deprecated since version 0.8. please use MetaTensor data type and monai.transforms.EnsureChannelFirst instead.
<class 'monai.transforms.utility.array.AsChannelFirst'>: Class `AsChannelFirst` has been deprecated since version 0.8. please use MetaTensor data type and monai.transforms.EnsureChannelFirst instead.
<class 'monai.transforms.utility.array.AsChannelFirst'>: Class `AsChannelFirst` has been deprecated since version 0.8. please use MetaTensor data type and monai.transforms.EnsureChannelFirst instead.
<class 'monai.transforms.utility.array.AsChannelFirst'>: Class `AsChannelFirst` has been deprecated since version 0.8. please use MetaTensor data type and monai.transforms.EnsureChannelFirst instead.
<class 'monai.transforms.utility.array.AsChannelFirst'>: Class `AsChannelFirst` has been deprecated since version 0.8. please use MetaTensor data type and monai.transforms.EnsureChannelFirst instead.
<class 'monai.transforms.utility.array.AsChannelFirst'>: Class `AsChannelFirst` has been deprecated since version 0.8. please use MetaTensor data type and monai.transforms.EnsureChannelFirst instead.
<class 'monai.transforms.utility.array.AsChannelFirst'>: Class `AsChannelFirst` has been deprecated since version 0.8. please use MetaTensor data type and monai.transforms.EnsureChannelFirst instead.
<class 'monai.transforms.utility.array.AsChannelFirst'>: Class `AsChannelFirst` has been deprecated since version 0.8. please use MetaTensor data type and monai.transforms.EnsureChannelFirst instead.
<class 'monai.transforms.utility.array.AsChannelFirst'>: Class `AsChannelFirst` has been deprecated since version 0.8. please use MetaTensor data type and monai.transforms.EnsureChannelFirst instead.
<class 'monai.transforms.utility.array.AsChannelFirst'>: Class `AsChannelFirst` has been deprecated since version 0.8. please use MetaTensor data type and monai.transforms.EnsureChannelFirst instead.
<class 'monai.transforms.utility.array.AsChannelFirst'>: Class `AsChannelFirst` has been deprecated since version 0.8. please use MetaTensor data type and monai.transforms.EnsureChannelFirst instead.
<class 'monai.transforms.utility.array.AsChannelFirst'>: Class `AsChannelFirst` has been deprecated since version 0.8. please use MetaTensor data type and monai.transforms.EnsureChannelFirst instead.
<class 'monai.transforms.utility.array.AsChannelFirst'>: Class `AsChannelFirst` has been deprecated since version 0.8. please use MetaTensor data type and monai.transforms.EnsureChannelFirst instead.
monai.networks.nets.unet UNet.__init__:dimensions: Argument `dimensions` has been deprecated since version 0.6. Please use `spatial_dims` instead.
monai.networks.nets.unet UNet.__init__:dimensions: Argument `dimensions` has been deprecated since version 0.6. Please use `spatial_dims` instead.
monai.networks.nets.unet UNet.__init__:dimensions: Argument `dimensions` has been deprecated since version 0.6. Please use `spatial_dims` instead.
monai.networks.nets.unet UNet.__init__:dimensions: Argument `dimensions` has been deprecated since version 0.6. Please use `spatial_dims` instead.
monai.networks.nets.unet UNet.__init__:dimensions: Argument `dimensions` has been deprecated since version 0.6. Please use `spatial_dims` instead.
monai.networks.nets.unet UNet.__init__:dimensions: Argument `dimensions` has been deprecated since version 0.6. Please use `spatial_dims` instead.
monai.networks.nets.unet UNet.__init__:dimensions: Argument `dimensions` has been deprecated since version 0.6. Please use `spatial_dims` instead.
monai.networks.nets.unet UNet.__init__:dimensions: Argument `dimensions` has been deprecated since version 0.6. Please use `spatial_dims` instead.
monai.networks.nets.unet UNet.__init__:dimensions: Argument `dimensions` has been deprecated since version 0.6. Please use `spatial_dims` instead.
monai.networks.nets.unet UNet.__init__:dimensions: Argument `dimensions` has been deprecated since version 0.6. Please use `spatial_dims` instead.
monai.networks.nets.unet UNet.__init__:dimensions: Argument `dimensions` has been deprecated since version 0.6. Please use `spatial_dims` instead.
monai.networks.nets.unet UNet.__init__:dimensions: Argument `dimensions` has been deprecated since version 0.6. Please use `spatial_dims` instead.
monai.networks.nets.unet UNet.__init__:dimensions: Argument `dimensions` has been deprecated since version 0.6. Please use `spatial_dims` instead.
monai.networks.nets.unet UNet.__init__:dimensions: Argument `dimensions` has been deprecated since version 0.6. Please use `spatial_dims` instead.
monai.networks.nets.unet UNet.__init__:dimensions: Argument `dimensions` has been deprecated since version 0.6. Please use `spatial_dims` instead.
monai.networks.nets.unet UNet.__init__:dimensions: Argument `dimensions` has been deprecated since version 0.6. Please use `spatial_dims` instead.
[0] cuda:0 ---------- epoch 1/5
[4] cuda:4 ---------- epoch 1/5
[11] cuda:3 ---------- epoch 1/5
[5] cuda:5 ---------- epoch 1/5
[6] cuda:6 ---------- epoch 1/5
[2] cuda:2 ---------- epoch 1/5
[7] cuda:7 ---------- epoch 1/5
[1] cuda:1 ---------- epoch 1/5
[12] cuda:4 ---------- epoch 1/5
[9] cuda:1 ---------- epoch 1/5
[10] cuda:2 ---------- epoch 1/5
[8] cuda:0 ---------- epoch 1/5
[13] cuda:5 ---------- epoch 1/5
[14] cuda:6 ---------- epoch 1/5
[15] cuda:7 ---------- epoch 1/5
[3] cuda:3 ---------- epoch 1/5
is_namedtuple is deprecated, please use the python checks instead
is_namedtuple is deprecated, please use the python checks instead
is_namedtuple is deprecated, please use the python checks instead
is_namedtuple is deprecated, please use the python checks instead
is_namedtuple is deprecated, please use the python checks instead
is_namedtuple is deprecated, please use the python checks instead
is_namedtuple is deprecated, please use the python checks instead
is_namedtuple is deprecated, please use the python checks instead
is_namedtuple is deprecated, please use the python checks instead
is_namedtuple is deprecated, please use the python checks instead
is_namedtuple is deprecated, please use the python checks instead
is_namedtuple is deprecated, please use the python checks instead
is_namedtuple is deprecated, please use the python checks instead
is_namedtuple is deprecated, please use the python checks instead
is_namedtuple is deprecated, please use the python checks instead
is_namedtuple is deprecated, please use the python checks instead
[2] 1/32, train_loss: 0.6866
[1] 1/32, train_loss: 0.6397
[3] 1/32, train_loss: 0.6853
[7] 1/32, train_loss: 0.6146
[4] 1/32, train_loss: 0.6251
[0] 1/32, train_loss: 0.6492
[6] 1/32, train_loss: 0.6816
[5] 1/32, train_loss: 0.6090
[12] 1/32, train_loss: 0.6074
[11] 1/32, train_loss: 0.6095
[13] 1/32, train_loss: 0.6492
[15] 1/32, train_loss: 0.6188
[14] 1/32, train_loss: 0.6460
[8] 1/32, train_loss: 0.6719
[10] 1/32, train_loss: 0.7417
[9] 1/32, train_loss: 0.6635
2023-04-11 18:25:56,606 - Reducer buckets have been rebuilt in this iteration.
2023-04-11 18:25:56,606 - Reducer buckets have been rebuilt in this iteration.
2023-04-11 18:25:56,606 - Reducer buckets have been rebuilt in this iteration.
2023-04-11 18:25:56,606 - Reducer buckets have been rebuilt in this iteration.
2023-04-11 18:25:56,606 - Reducer buckets have been rebuilt in this iteration.
2023-04-11 18:25:56,606 - Reducer buckets have been rebuilt in this iteration.
2023-04-11 18:25:56,606 - Reducer buckets have been rebuilt in this iteration.
2023-04-11 18:25:56,606 - Reducer buckets have been rebuilt in this iteration.
2023-04-11 18:25:56,606 - Reducer buckets have been rebuilt in this iteration.
2023-04-11 18:25:56,606 - Reducer buckets have been rebuilt in this iteration.
2023-04-11 18:25:56,606 - Reducer buckets have been rebuilt in this iteration.
2023-04-11 18:25:56,606 - Reducer buckets have been rebuilt in this iteration.
2023-04-11 18:25:56,606 - Reducer buckets have been rebuilt in this iteration.
2023-04-11 18:25:56,606 - Reducer buckets have been rebuilt in this iteration.
2023-04-11 18:25:56,606 - Reducer buckets have been rebuilt in this iteration.
2023-04-11 18:25:56,606 - Reducer buckets have been rebuilt in this iteration.
[11] 2/32, train_loss: 0.5447
[15] 2/32, train_loss: 0.5499
[14] 2/32, train_loss: 0.5608
[5] 2/32, train_loss: 0.5509
[6] 2/32, train_loss: 0.5307
[4] 2/32, train_loss: 0.6021
[7] 2/32, train_loss: 0.5246
[12] 2/32, train_loss: 0.5343
[8] 2/32, train_loss: 0.5105
[9] 2/32, train_loss: 0.5645
[2] 2/32, train_loss: 0.5179
[3] 2/32, train_loss: 0.6766
[1] 2/32, train_loss: 0.5970
[0] 2/32, train_loss: 0.5234
[10] 2/32, train_loss: 0.5748
[13] 2/32, train_loss: 0.5720
[15] epoch 1, average loss: 0.5843
[15] cuda:7 ---------- epoch 2/5
[7] epoch 1, average loss: 0.5696
[7] cuda:7 ---------- epoch 2/5
[9] epoch 1, average loss: 0.6140
[9] cuda:1 ---------- epoch 2/5
[12] epoch 1, average loss: 0.5709
[12] cuda:4 ---------- epoch 2/5
[11] epoch 1, average loss: 0.5771
[11] cuda:3 ---------- epoch 2/5
[8] epoch 1, average loss: 0.5912
[8] cuda:0 ---------- epoch 2/5
[0] epoch 1, average loss: 0.5863[13] epoch 1, average loss: 0.6106
[13] cuda:5 ---------- epoch 2/5
[14] epoch 1, average loss: 0.6034
[0] cuda:0 ---------- epoch 2/5

[14] cuda:6 ---------- epoch 2/5
[10] epoch 1, average loss: 0.6583
[10] cuda:2 ---------- epoch 2/5
[6] epoch 1, average loss: 0.6061
[6] cuda:6 ---------- epoch 2/5
[4] epoch 1, average loss: 0.6136
[4] cuda:4 ---------- epoch 2/5
[5] epoch 1, average loss: 0.5800
[5] cuda:5 ---------- epoch 2/5
[3] epoch 1, average loss: 0.6809
[3] cuda:3 ---------- epoch 2/5
[1] epoch 1, average loss: 0.6183
[1] cuda:1 ---------- epoch 2/5
[2] epoch 1, average loss: 0.6022
[2] cuda:2 ---------- epoch 2/5
[12] 1/32, train_loss: 0.5079
[5] 1/32, train_loss: 0.5725
[4] 1/32, train_loss: 0.5401
[7] 1/32, train_loss: 0.6260
[6] 1/32, train_loss: 0.5038
[3] 1/32, train_loss: 0.5554
[0] 1/32, train_loss: 0.5048
[8] 1/32, train_loss: 0.4952
[14] 1/32, train_loss: 0.5087
[10] 1/32, train_loss: 0.6104
[11] 1/32, train_loss: 0.4998
[9] 1/32, train_loss: 0.5108
[1] 1/32, train_loss: 0.4607
[15] 1/32, train_loss: 0.5479
[13] 1/32, train_loss: 0.5167
[2] 1/32, train_loss: 0.5376
[12] 2/32, train_loss: 0.5186
[10] 2/32, train_loss: 0.4837
[15] 2/32, train_loss: 0.4481
[11] 2/32, train_loss: 0.4427
[14] 2/32, train_loss: 0.5427
[3] 2/32, train_loss: 0.4891
[8] 2/32, train_loss: 0.5130
[13] 2/32, train_loss: 0.5012
[5] 2/32, train_loss: 0.5051
[9] 2/32, train_loss: 0.4544
[0] 2/32, train_loss: 0.5215
[1] 2/32, train_loss: 0.4892
[7] 2/32, train_loss: 0.5767
[6] 2/32, train_loss: 0.5496
[4] 2/32, train_loss: 0.4815
[2] 2/32, train_loss: 0.5146
[12] epoch 2, average loss: 0.5132
[12] cuda:4 ---------- epoch 3/5
[8] epoch 2, average loss: 0.5041
[8] cuda:0 ---------- epoch 3/5
[6] epoch 2, average loss: 0.5267
[6] cuda:6 ---------- epoch 3/5
[4] epoch 2, average loss: 0.5108
[4] cuda:4 ---------- epoch 3/5
[13] epoch 2, average loss: 0.5089
[13] cuda:5 ---------- epoch 3/5
[1] epoch 2, average loss: 0.4749
[1] cuda:1 ---------- epoch 3/5
[5] epoch 2, average loss: 0.5388
[5] cuda:5 ---------- epoch 3/5
[9] epoch 2, average loss: 0.4826
[9] cuda:1 ---------- epoch 3/5
[14] epoch 2, average loss: 0.5257
[14] cuda:6 ---------- epoch 3/5
[15] epoch 2, average loss: 0.4980
[15] cuda:7 ---------- epoch 3/5
[7] epoch 2, average loss: 0.6013
[7] cuda:7 ---------- epoch 3/5
[0] epoch 2, average loss: 0.5132
[0] cuda:0 ---------- epoch 3/5
[3] epoch 2, average loss: 0.5222
[3] cuda:3 ---------- epoch 3/5
[2] epoch 2, average loss: 0.5261
[11] epoch 2, average loss: 0.4712
[11] cuda:3 ---------- epoch 3/5
[10] epoch 2, average loss: 0.5471
[10] cuda:2 ---------- epoch 3/5
[2] cuda:2 ---------- epoch 3/5
[5] 1/32, train_loss: 0.5204
[7] 1/32, train_loss: 0.5249
[4] 1/32, train_loss: 0.4910
[2] 1/32, train_loss: 0.4967
[1] 1/32, train_loss: 0.4955
[11] 1/32, train_loss: 0.4380
[8] 1/32, train_loss: 0.5046
[14] 1/32, train_loss: 0.5401
[15] 1/32, train_loss: 0.5076
[9] 1/32, train_loss: 0.4245
[12] 1/32, train_loss: 0.5109
[13] 1/32, train_loss: 0.4915
[10] 1/32, train_loss: 0.5319
[6] 1/32, train_loss: 0.5416
[0] 1/32, train_loss: 0.5109
[3] 1/32, train_loss: 0.4793
[12] 2/32, train_loss: 0.4708
[5] 2/32, train_loss: 0.6184
[14] 2/32, train_loss: 0.4757
[11] 2/32, train_loss: 0.4571
[13] 2/32, train_loss: 0.5146
[15] 2/32, train_loss: 0.5112
[4] 2/32, train_loss: 0.4561
[2] 2/32, train_loss: 0.4708
[1] 2/32, train_loss: 0.4853
[0] 2/32, train_loss: 0.4490
[9] 2/32, train_loss: 0.5100
[10] 2/32, train_loss: 0.4640
[8] 2/32, train_loss: 0.4539
[3] 2/32, train_loss: 0.4672
[7] 2/32, train_loss: 0.4892
[6] 2/32, train_loss: 0.5712
[13] epoch 3, average loss: 0.5030
[13] cuda:5 ---------- epoch 4/5
[8] epoch 3, average loss: 0.4793
[8] cuda:0 ---------- epoch 4/5
[15] epoch 3, average loss: 0.5094
[15] cuda:7 ---------- epoch 4/5
[10] epoch 3, average loss: 0.4979
[10] cuda:2 ---------- epoch 4/5
[12] epoch 3, average loss: 0.4909
[5] epoch 3, average loss: 0.5694
[5] cuda:5 ---------- epoch 4/5
[0] epoch 3, average loss: 0.4800
[0] cuda:0 ---------- epoch 4/5
[12] cuda:4 ---------- epoch 4/5
[11] epoch 3, average loss: 0.4476
[11] cuda:3 ---------- epoch 4/5
[9] epoch 3, average loss: 0.4672
[9] cuda:1 ---------- epoch 4/5
[14] epoch 3, average loss: 0.5079
[14] cuda:6 ---------- epoch 4/5
[6] epoch 3, average loss: 0.5564
[6] cuda:6 ---------- epoch 4/5
[4] epoch 3, average loss: 0.4736
[4] cuda:4 ---------- epoch 4/5
[1] epoch 3, average loss: 0.4904
[1] cuda:1 ---------- epoch 4/5
[3] epoch 3, average loss: 0.4732
[3] cuda:3 ---------- epoch 4/5
[7] epoch 3, average loss: 0.5071
[7] cuda:7 ---------- epoch 4/5
[2] epoch 3, average loss: 0.4838
[2] cuda:2 ---------- epoch 4/5
[14] 1/32, train_loss: 0.4485
[11] 1/32, train_loss: 0.4827
[5] 1/32, train_loss: 0.4495
[7] 1/32, train_loss: 0.4969
[4] 1/32, train_loss: 0.4655
[2] 1/32, train_loss: 0.5596
[6] 1/32, train_loss: 0.4601
[1] 1/32, train_loss: 0.4593
[0] 1/32, train_loss: 0.4874
[3] 1/32, train_loss: 0.5674
[12] 1/32, train_loss: 0.5049
[15] 1/32, train_loss: 0.5109
[9] 1/32, train_loss: 0.4483
[10] 1/32, train_loss: 0.4269
[8] 1/32, train_loss: 0.4764
[13] 1/32, train_loss: 0.4908
[5] 2/32, train_loss: 0.4719
[6] 2/32, train_loss: 0.4485
[7] 2/32, train_loss: 0.4824
[4] 2/32, train_loss: 0.4672
[8] 2/32, train_loss: 0.4653
[12] 2/32, train_loss: 0.5211
[10] 2/32, train_loss: 0.5115
[9] 2/32, train_loss: 0.4366
[11] 2/32, train_loss: 0.4610
[14] 2/32, train_loss: 0.4508
[2] 2/32, train_loss: 0.4208
[3] 2/32, train_loss: 0.4372
[0] 2/32, train_loss: 0.4582
[15] 2/32, train_loss: 0.4525
[13] 2/32, train_loss: 0.5200
[1] 2/32, train_loss: 0.5108
[0] epoch 4, average loss: 0.4728
[0] cuda:0 ---------- epoch 5/5
[10] epoch 4, average loss: 0.4692
[10] cuda:2 ---------- epoch 5/5
[6] epoch 4, average loss: 0.4543
[6] cuda:6 ---------- epoch 5/5
[4] epoch 4, average loss: 0.4663[11] epoch 4, average loss: 0.4719
[11] cuda:3 ---------- epoch 5/5

[4] cuda:4 ---------- epoch 5/5
[1] epoch 4, average loss: 0.4850
[1] cuda:1 ---------- epoch 5/5
[7] epoch 4, average loss: 0.4896
[7] cuda:7 ---------- epoch 5/5
[3] epoch 4, average loss: 0.5023
[3] cuda:3 ---------- epoch 5/5
[5] epoch 4, average loss: 0.4607
[5] cuda:5 ---------- epoch 5/5
[2] epoch 4, average loss: 0.4902[15] epoch 4, average loss: 0.4817
[15] cuda:7 ---------- epoch 5/5
[9] epoch 4, average loss: 0.4425
[9] cuda:1 ---------- epoch 5/5
[12] epoch 4, average loss: 0.5130
[12] cuda:4 ---------- epoch 5/5

[2] cuda:2 ---------- epoch 5/5
[14] epoch 4, average loss: 0.4497
[14] cuda:6 ---------- epoch 5/5
[13] epoch 4, average loss: 0.5054
[13] cuda:5 ---------- epoch 5/5
[8] epoch 4, average loss: 0.4708
[8] cuda:0 ---------- epoch 5/5
[14] 1/32, train_loss: 0.4450
[15] 1/32, train_loss: 0.4670
[13] 1/32, train_loss: 0.4188
[3] 1/32, train_loss: 0.4750
[7] 1/32, train_loss: 0.4289
[4] 1/32, train_loss: 0.5055
[5] 1/32, train_loss: 0.4224
[0] 1/32, train_loss: 0.4986
[6] 1/32, train_loss: 0.4593
[1] 1/32, train_loss: 0.5700
[10] 1/32, train_loss: 0.4657[12] 1/32, train_loss: 0.4434

[11] 1/32, train_loss: 0.5767
[9] 1/32, train_loss: 0.4993
[8] 1/32, train_loss: 0.3979
[2] 1/32, train_loss: 0.4471
[5] 2/32, train_loss: 0.4621
[14] 2/32, train_loss: 0.5089
[3] 2/32, train_loss: 0.4572
[4] 2/32, train_loss: 0.4547
[7] 2/32, train_loss: 0.4650
[13] 2/32, train_loss: 0.4883
[9] 2/32, train_loss: 0.5107
[0] 2/32, train_loss: 0.4537
[2] 2/32, train_loss: 0.4948
[1] 2/32, train_loss: 0.4968
[10] 2/32, train_loss: 0.4388
[12] 2/32, train_loss: 0.4842
[8] 2/32, train_loss: 0.4959
[11] 2/32, train_loss: 0.4349
[15] 2/32, train_loss: 0.4327
[6] 2/32, train_loss: 0.4885
[9] epoch 5, average loss: 0.5050
[9] train completed, epoch losses: [0.613982081413269, 0.4825991690158844, 0.46724142134189606, 0.4424569606781006, 0.5050001442432404]
[13] epoch 5, average loss: 0.4536[3] epoch 5, average loss: 0.4661
[13] train completed, epoch losses: [0.6105918884277344, 0.5089457929134369, 0.5030460953712463, 0.5053949058055878, 0.4535582959651947]

[3] train completed, epoch losses: [0.6809157133102417, 0.5222430378198624, 0.47322171926498413, 0.5022728741168976, 0.46611471474170685]
[0] epoch 5, average loss: 0.4762
[0] train completed, epoch losses: [0.5863024890422821, 0.5131630301475525, 0.4799517095088959, 0.4727904796600342, 0.47615090012550354]
[4] epoch 5, average loss: 0.4801
[4] train completed, epoch losses: [0.6135861575603485, 0.5107829719781876, 0.47355377674102783, 0.4663196802139282, 0.48008066415786743]
[2] epoch 5, average loss: 0.4710
[2] train completed, epoch losses: [0.6022241711616516, 0.5261169970035553, 0.4837740510702133, 0.4902022182941437, 0.4709557443857193]
[14] epoch 5, average loss: 0.4769
[14] train completed, epoch losses: [0.6033799648284912, 0.5257105827331543, 0.507913738489151, 0.44965703785419464, 0.4769009053707123]
[10] epoch 5, average loss: 0.4522
[10] train completed, epoch losses: [0.6582504212856293, 0.5470520257949829, 0.49793103337287903, 0.46923474967479706, 0.45222628116607666]
[12] epoch 5, average loss: 0.4638
[12] train completed, epoch losses: [0.5708935558795929, 0.5132498741149902, 0.490860715508461, 0.513018935918808, 0.4637974053621292]
[15] epoch 5, average loss: 0.4498
[15] train completed, epoch losses: [0.5843334197998047, 0.4980003982782364, 0.5093786716461182, 0.48171359300613403, 0.4498453438282013]
[11] epoch 5, average loss: 0.5058
[11] train completed, epoch losses: [0.57708340883255, 0.47124770283699036, 0.4475640505552292, 0.47185468673706055, 0.5057609975337982]
[8] epoch 5, average loss: 0.4469
[8] train completed, epoch losses: [0.5911936163902283, 0.5041000843048096, 0.47928956151008606, 0.47083769738674164, 0.44688989222049713]
[1] epoch 5, average loss: 0.5334
[1] train completed, epoch losses: [0.6183266341686249, 0.47493401169776917, 0.49042177200317383, 0.4850437343120575, 0.5334304571151733]
[7] epoch 5, average loss: 0.4470
[7] train completed, epoch losses: [0.569633960723877, 0.6013387143611908, 0.5070782154798508, 0.4896344244480133, 0.4469568133354187]
[5] epoch 5, average loss: 0.4423
[5] train completed, epoch losses: [0.5799543857574463, 0.5387771129608154, 0.5694162249565125, 0.46066656708717346, 0.4422520846128464]
[6] epoch 5, average loss: 0.4739
[6] train completed, epoch losses: [0.606116771697998, 0.5266610085964203, 0.556431919336319, 0.4543127864599228, 0.4739209711551666]
