Thu Apr 13 15:11:42 EDT 2023
c0700a-s3.ufhpc
/home/hju/AI4HEALTH_workshop/label/test/pathology
13:4: not a valid test operator: (
13:4: not a valid test operator: 
Using PYTHONPATH=/opt:

pathology is copied at: /workspace/apps/pathology
