/home/hju/monai_uf_tutorials/monaicore_multigpu/unet_ddp/test
c1004a-s11.ufhpc
Tue Apr 11 18:07:55 EDT 2023
Primary node: c1004a-s11
Primary TCP port: 24104
Secondary nodes: c1004a-s35
Running "/home/hju/monai_uf_tutorials/monaicore_multigpu/unet_ddp/unet_training_ddp_torchrun.py" on each node...
srun: Job 61593868 step creation temporarily disabled, retrying (Requested nodes are busy)
srun: Job 61593868 step creation temporarily disabled, retrying (Requested nodes are busy)
srun: Job 61593868 step creation still disabled, retrying (Requested nodes are busy)
srun: Job 61593868 step creation still disabled, retrying (Requested nodes are busy)
srun: Job 61593868 step creation still disabled, retrying (Requested nodes are busy)
srun: Job 61593868 step creation still disabled, retrying (Requested nodes are busy)
srun: Job 61593868 step creation still disabled, retrying (Requested nodes are busy)
srun: error: Unable to create step for job 61593868: Job/step already completing or completed
srun: Job step aborted: Waiting up to 32 seconds for job step to finish.
slurmstepd: error: *** JOB 61593868 ON c1004a-s11 CANCELLED AT 2023-04-11T18:15:16 ***
slurmstepd: error: *** STEP 61593868.0 ON c1004a-s11 CANCELLED AT 2023-04-11T18:15:16 ***
